{
    "timestamp": "2025-03-28 18:11:46",
    "query": "PHP developer with 4 years of experience",
    "retrieved_jobs": [
        {
            "jobTitle": "PHP Developer",
            "company": "Credencys Solutions",
            "requiredSkills": "laravel, php developer, php, team player, software developer, symfony",
            "experience": "2 to 5 Years",
            "salary": "As per Industry Standards",
            "location": "Mumbai (Maharashtra)",
            "moreInfo": "https://www.timesjobs.com/job-detail/php-developer-credencys-solutions-mumbai-2-to-5-yrs-jobid-nUO4HbWc961zpSvf__PLUS__uAgZw==&source=srp"
        },
        {
            "jobTitle": "PHP Developer",
            "company": "Credencys Solutions",
            "requiredSkills": "laravel, php developer, php, team player, software developer, symfony",
            "experience": "2 to 5 Years",
            "salary": "As per Industry Standards",
            "location": "Mumbai (Maharashtra)",
            "moreInfo": "https://www.timesjobs.com/job-detail/php-developer-credencys-solutions-mumbai-2-to-5-yrs-jobid-O0gozurd1JBzpSvf__PLUS__uAgZw==&source=srp"
        },
        {
            "jobTitle": "PHP Developer",
            "company": "Credencys Solutions",
            "requiredSkills": "laravel, php developer, php, team player, software developer, symfony",
            "experience": "2 to 5 Years",
            "salary": "As per Industry Standards",
            "location": "Mumbai (Maharashtra)",
            "moreInfo": "https://www.timesjobs.com/job-detail/php-developer-credencys-solutions-mumbai-2-to-5-yrs-jobid-jdJOGNQgAQRzpSvf__PLUS__uAgZw==&source=srp"
        },
        {
            "jobTitle": "PHP Developer",
            "company": "SEVEN CONSULTANCY",
            "requiredSkills": "security compliance, html5, php developer, javascript, codeigniter, web developer, php, mvc, software developer",
            "experience": "2 to 5 Years",
            "salary": "As per Industry Standards",
            "location": "Solan (Himachal Pradesh)",
            "moreInfo": "https://www.timesjobs.com/job-detail/php-developer-seven-consultancy-solan-2-to-5-yrs-jobid-__PLUS__msZX8iu__PLUS__XNzpSvf__PLUS__uAgZw==&source=srp"
        },
        {
            "jobTitle": "Software Developer-PHP",
            "company": "midas it services ( i ) pvt ltd",
            "requiredSkills": "team player, problem solving, symfony, git, devops, oops, php, mysql, api, software developer",
            "experience": "4 to 7 Years",
            "salary": "As per Industry Standards",
            "location": "Delhi (Delhi)",
            "moreInfo": "https://www.timesjobs.com/job-detail/software-developer-php-midas-it-services-i-pvt-ltd-delhi-4-to-7-yrs-jobid-nDdjHzB7Rv9zpSvf__PLUS__uAgZw==&source=srp"
        },
        {
            "jobTitle": "PHP Developer",
            "company": "SEVEN CONSULTANCY",
            "requiredSkills": "laravel, php developer, storage, database, web developer, php, software developer",
            "experience": "8 to 11 Years",
            "salary": "As per Industry Standards",
            "location": "Mumbai (Maharashtra)",
            "moreInfo": "https://www.timesjobs.com/job-detail/php-developer-seven-consultancy-mumbai-8-to-11-yrs-jobid-Bc__SLASH__pHwXnPklzpSvf__PLUS__uAgZw==&source=srp"
        },
        {
            "jobTitle": "PHP Developer",
            "company": "SEVEN CONSULTANCY",
            "requiredSkills": "laravel, php developer, storage, database, web developer, php, software developer",
            "experience": "3 to 6 Years",
            "salary": "As per Industry Standards",
            "location": "Kolkata (West Bengal)",
            "moreInfo": "https://www.timesjobs.com/job-detail/php-developer-seven-consultancy-kolkata-3-to-6-yrs-jobid-1bcE4BLJOFlzpSvf__PLUS__uAgZw==&source=srp"
        },
        {
            "jobTitle": "PHP Developer",
            "company": "SEVEN CONSULTANCY",
            "requiredSkills": "database, laravel, php, php developer, mysql, html, storage, software developer",
            "experience": "6 to 9 Years",
            "salary": "As per Industry Standards",
            "location": "Mumbai (Maharashtra)",
            "moreInfo": "https://www.timesjobs.com/job-detail/php-developer-seven-consultancy-mumbai-6-to-9-yrs-jobid-KAbAxomVsVVzpSvf__PLUS__uAgZw==&source=srp"
        },
        {
            "jobTitle": "Senior PHP Software Developer",
            "company": "Deal4loans",
            "requiredSkills": "html5, software design, symfony, ajax, jquery, sql, database, codeigniter, zend, debugging, mysql, mvc, object oriented programming, database analysis, cakephp, javascript, nosql, web technologies, php, software developer",
            "experience": "5 to 8 Years",
            "salary": "As per Industry Standards",
            "location": "Noida/ Greater Noida (Uttar Pradesh)",
            "moreInfo": "https://www.timesjobs.com/job-detail/senior-php-software-developer-deal4loans-noida-greater-noida-5-to-8-yrs-jobid-Q8rs7SxnaYJzpSvf__PLUS__uAgZw==&source=srp"
        },
        {
            "jobTitle": "Software Developer (PHP)",
            "company": "infledge Infotech Pvt. Ltd.",
            "requiredSkills": "oops, php, mvc architecture, joomla, html, software developer, press, ajax, javascript, jquery",
            "experience": "2 to 5 Years",
            "salary": "As per Industry Standards",
            "location": "Bhopal (Madhya Pradesh)",
            "moreInfo": "https://www.timesjobs.com/job-detail/software-developer-php-infledge-infotech-pvt-ltd-bhopal-2-to-5-yrs-jobid-pya9eL88vpFzpSvf__PLUS__uAgZw==&source=srp"
        },
        {
            "jobTitle": "PHP Developer",
            "company": "Cloud18 Infotech Pvt Ltd",
            "requiredSkills": "cakephp, laravel, wordpress, php developer, git, codeigniter, php, mysql, software developer",
            "experience": "2 to 6 Years",
            "salary": "As per Industry Standards",
            "location": "Lucknow (Uttar Pradesh)",
            "moreInfo": "https://www.timesjobs.com/job-detail/php-developer-cloud18-infotech-pvt-ltd-lucknow-2-to-6-yrs-jobid-8WJi7bnPlCJzpSvf__PLUS__uAgZw==&source=srp"
        },
        {
            "jobTitle": "Sr. Software Developer-PHP",
            "company": "midas it services ( i ) pvt ltd",
            "requiredSkills": "team player, problem solving, symfony, git, devops, oops, php, mysql, api, software developer",
            "experience": "7 to 10 Years",
            "salary": "As per Industry Standards",
            "location": "Delhi (Delhi)",
            "moreInfo": "https://www.timesjobs.com/job-detail/sr-software-developer-php-midas-it-services-i-pvt-ltd-delhi-7-to-10-yrs-jobid-oda0t1AV__PLUS__WJzpSvf__PLUS__uAgZw==&source=srp"
        },
        {
            "jobTitle": "PHP Developer",
            "company": "New Global Technologies",
            "requiredSkills": "PHP Developing, Javascript, Css, Html, Xml, Asp.net, CAD Application, sql, Java, php, Ajax, Jquery",
            "experience": "0 to 3 Years",
            "salary": "3.00 - 8.00 Lakhs",
            "location": "Bengaluru/ Bangalore (Karnataka), Chennai (Tamil Nadu), Hyderabad/ Secunderabad (Telangana), Mumbai (Maharashtra), Pune (Maharashtra)",
            "moreInfo": "https://www.timesjobs.com/job-detail/php-developer-new-global-technologies-bengaluru-bangalore-chennai-hyderabad-secunderabad-mumbai-pune-0-to-3-yrs-jobid-2MOaP1aKr__PLUS__xzpSvf__PLUS__uAgZw==&source=srp"
        },
        {
            "jobTitle": "PHP (Laravel) Developer",
            "company": "BPSP HR Solutions Pvt Ltd",
            "requiredSkills": "php laravel, web development, mysql, troubleshooting, debugging, software developer",
            "experience": "1 to 4 Years",
            "salary": "As per Industry Standards",
            "location": "Hyderabad/ Secunderabad (Telangana)",
            "moreInfo": "https://www.timesjobs.com/job-detail/php-laravel-developer-bpsp-hr-solutions-pvt-ltd-hyderabad-secunderabad-1-to-4-yrs-jobid-jF9LkYfYz5tzpSvf__PLUS__uAgZw==&source=srp"
        },
        {
            "jobTitle": "PHP Developer",
            "company": "SEVEN CONSULTANCY",
            "requiredSkills": "security compliance, html5, php developer, javascript, codeigniter, web developer, php, mvc, software developer",
            "experience": "2 to 5 Years",
            "salary": "As per Industry Standards",
            "location": "Chennai (Tamil Nadu)",
            "moreInfo": "https://www.timesjobs.com/job-detail/php-developer-seven-consultancy-chennai-2-to-5-yrs-jobid-2r__PLUS__cK__PLUS__PnssRzpSvf__PLUS__uAgZw==&source=srp"
        },
        {
            "jobTitle": "Software Developer - Prestashop",
            "company": "LAKSH HUMAN RESOURCE",
            "requiredSkills": "com, css, php developer, lamp, prestashop, jquery, php, http, mysql, html, project life cycle, software developer",
            "experience": "1 to 4 Years",
            "salary": "As per Industry Standards",
            "location": "Delhi (Delhi), Delhi/ NCR (Delhi)",
            "moreInfo": "https://www.timesjobs.com/job-detail/software-developer-prestashop-laksh-human-resource-delhi-delhi-ncr-1-to-4-yrs-jobid-POyozwIxHi9zpSvf__PLUS__uAgZw==&source=srp"
        },
        {
            "jobTitle": "Software Developer / Programmer",
            "company": "LINUXBEAN SOLUTION PVT LTD",
            "requiredSkills": "c, css, wordpress, ajax, jquery, sql, oops, codeigniter, web development, mysql, software engineering, magento, c#, joomla, javascript, written communication, drupal, php",
            "experience": "2 to 5 Years",
            "salary": "As per Industry Standards",
            "location": "Indore (Madhya Pradesh)",
            "moreInfo": "https://www.timesjobs.com/job-detail/software-developer-programmer-linuxbean-solution-pvt-ltd-indore-2-to-5-yrs-jobid-grJIirkeb4JzpSvf__PLUS__uAgZw==&source=srp"
        },
        {
            "jobTitle": "Software Developer / Programmer",
            "company": "LINUXBEAN SOLUTION PVT LTD",
            "requiredSkills": "c, css, wordpress, ajax, jquery, sql, oops, codeigniter, web development, mysql, software engineering, magento, c#, joomla, javascript, written communication, drupal, php",
            "experience": "2 to 5 Years",
            "salary": "As per Industry Standards",
            "location": "Indore (Madhya Pradesh)",
            "moreInfo": "https://www.timesjobs.com/job-detail/software-developer-programmer-linuxbean-solution-pvt-ltd-indore-2-to-5-yrs-jobid-4R5uHdaFHTFzpSvf__PLUS__uAgZw==&source=srp"
        },
        {
            "jobTitle": "Software Developer / Programmer",
            "company": "LINUXBEAN SOLUTION PVT LTD",
            "requiredSkills": "c, css, wordpress, ajax, jquery, sql, oops, codeigniter, web development, mysql, software engineering, magento, c#, joomla, javascript, written communication, drupal, php",
            "experience": "2 to 5 Years",
            "salary": "As per Industry Standards",
            "location": "Indore (Madhya Pradesh)",
            "moreInfo": "https://www.timesjobs.com/job-detail/software-developer-programmer-linuxbean-solution-pvt-ltd-indore-2-to-5-yrs-jobid-cgM9Mc59NMlzpSvf__PLUS__uAgZw==&source=srp"
        },
        {
            "jobTitle": "Software Developer (PHP 5.0 and Wordpress)",
            "company": "Delvetech",
            "requiredSkills": "css, wordpress, oops, opencart, mysql, problem solving, mvc, ajax, jquery, magento",
            "experience": "4 to 7 Years",
            "salary": "As per Industry Standards",
            "location": "Noida/ Greater Noida (Uttar Pradesh)",
            "moreInfo": "https://www.timesjobs.com/job-detail/software-developer-php-5-0-and-wordpress-delvetech-noida-greater-noida-4-to-7-yrs-jobid-8f__PLUS__XiWjSJkZzpSvf__PLUS__uAgZw==&source=srp"
        }
    ],
    "ai_response": "**midas it services ( i ) pvt ltd** is Hiring for **Software Developer-PHP** role\nThey are looking for candidates with **team player, problem solving, symfony, git, devops, oops, php, mysql, api, software developer** and require **4 to 7 years** of experience.  \nThe job is based in **Delhi (Delhi)**. \nIf you're interested, click below to apply: https://www.timesjobs.com/job-detail/software-developer-php-midas-it-services-i-pvt-ltd-delhi-4-to-7-yrs-jobid-nDdjHzB7Rv9zpSvf__PLUS__uAgZw==&source=srp\n\n**Deal4loans** is Hiring for **Senior PHP Software Developer** role\nThey are looking for candidates with **html5, software design, symfony, ajax, jquery, sql, database, codeigniter, zend, debugging, mysql, mvc, object oriented programming, database analysis, cakephp, javascript, nosql, web technologies, php, software developer** and require **5 to 8 years** of experience.  \nThe job is based in **Noida/ Greater Noida (Uttar Pradesh)**. \nIf you're interested, click below to apply: https://www.timesjobs.com/job-detail/senior-php-software-developer-deal4loans-noida-greater-noida-5-to-8-yrs-jobid-Q8rs7SxnaYJzpSvf__PLUS__uAgZw==&source=srp\n\n**BPSP HR Solutions Pvt Ltd** is Hiring for **PHP (Laravel) Developer** role\nThey are looking for candidates with **php laravel, web development, mysql, troubleshooting, debugging, software developer** and require **1 to 4 years** of experience.  \nThe job is based in **Hyderabad/ Secunderabad (Telangana)**. \nIf you're interested, click below to apply: https://www.timesjobs.com/job-detail/php-laravel-developer-bpsp-hr-solutions-pvt-ltd-hyderabad-secunderabad-1-to-4-yrs-jobid-jF9LkYfYz5tzpSvf__PLUS__uAgZw==&source=srp\n\n**Delvetech** is Hiring for **Software Developer (PHP 5.0 and Wordpress)** role\nThey are looking for candidates with **css, wordpress, oops, opencart, mysql, problem solving, mvc, ajax, jquery, magento** and require **4 to 7 years** of experience.  \nThe job is based in **Noida/ Greater Noida (Uttar Pradesh)**. \nIf you're interested, click below to apply: https://www.timesjobs.com/job-detail/software-developer-php-5-0-and-wordpress-delvetech-noida-greater-noida-4-to-7-yrs-jobid-8f__PLUS__XiWjSJkZzpSvf__PLUS__uAgZw==&source=srp\n\n**Credencys Solutions** is Hiring for **PHP Developer** role\nThey are looking for candidates with **laravel, php developer, php, team player, software developer, symfony** and require **2 to 5 years** of experience.  \nThe job is based in **Mumbai (Maharashtra)**. \nIf you're interested, click below to apply: https://www.timesjobs.com/job-detail/php-developer-credencys-solutions-mumbai-2-to-5-yrs-jobid-nUO4HbWc961zpSvf__PLUS__uAgZw==&source=srp"
}
